Archive member included to satisfy reference by file (symbol)

c:/st/stm32cubeide_1.7.0/stm32cubeide/plugins/com.st.stm32cube.ide.mcu.externaltools.gnu-tools-for-stm32.9-2020-q2-update.win32_2.0.0.202105311346/tools/bin/../lib/gcc/arm-none-eabi/9.3.1/../../../../arm-none-eabi/lib/thumb/v7e-m+fp/hard\libc_nano.a(lib_a-errno.o)
                              ./Core/Src/syscalls.o (__errno)
c:/st/stm32cubeide_1.7.0/stm32cubeide/plugins/com.st.stm32cube.ide.mcu.externaltools.gnu-tools-for-stm32.9-2020-q2-update.win32_2.0.0.202105311346/tools/bin/../lib/gcc/arm-none-eabi/9.3.1/../../../../arm-none-eabi/lib/thumb/v7e-m+fp/hard\libc_nano.a(lib_a-exit.o)
                              c:/st/stm32cubeide_1.7.0/stm32cubeide/plugins/com.st.stm32cube.ide.mcu.externaltools.gnu-tools-for-stm32.9-2020-q2-update.win32_2.0.0.202105311346/tools/bin/../lib/gcc/arm-none-eabi/9.3.1/../../../../arm-none-eabi/lib/thumb/v7e-m+fp/hard/crt0.o (exit)
c:/st/stm32cubeide_1.7.0/stm32cubeide/plugins/com.st.stm32cube.ide.mcu.externaltools.gnu-tools-for-stm32.9-2020-q2-update.win32_2.0.0.202105311346/tools/bin/../lib/gcc/arm-none-eabi/9.3.1/../../../../arm-none-eabi/lib/thumb/v7e-m+fp/hard\libc_nano.a(lib_a-impure.o)
                              c:/st/stm32cubeide_1.7.0/stm32cubeide/plugins/com.st.stm32cube.ide.mcu.externaltools.gnu-tools-for-stm32.9-2020-q2-update.win32_2.0.0.202105311346/tools/bin/../lib/gcc/arm-none-eabi/9.3.1/../../../../arm-none-eabi/lib/thumb/v7e-m+fp/hard\libc_nano.a(lib_a-exit.o) (_global_impure_ptr)
c:/st/stm32cubeide_1.7.0/stm32cubeide/plugins/com.st.stm32cube.ide.mcu.externaltools.gnu-tools-for-stm32.9-2020-q2-update.win32_2.0.0.202105311346/tools/bin/../lib/gcc/arm-none-eabi/9.3.1/../../../../arm-none-eabi/lib/thumb/v7e-m+fp/hard\libc_nano.a(lib_a-init.o)
                              c:/st/stm32cubeide_1.7.0/stm32cubeide/plugins/com.st.stm32cube.ide.mcu.externaltools.gnu-tools-for-stm32.9-2020-q2-update.win32_2.0.0.202105311346/tools/bin/../lib/gcc/arm-none-eabi/9.3.1/../../../../arm-none-eabi/lib/thumb/v7e-m+fp/hard/crt0.o (__libc_init_array)
c:/st/stm32cubeide_1.7.0/stm32cubeide/plugins/com.st.stm32cube.ide.mcu.externaltools.gnu-tools-for-stm32.9-2020-q2-update.win32_2.0.0.202105311346/tools/bin/../lib/gcc/arm-none-eabi/9.3.1/../../../../arm-none-eabi/lib/thumb/v7e-m+fp/hard\libc_nano.a(lib_a-memset.o)
                              c:/st/stm32cubeide_1.7.0/stm32cubeide/plugins/com.st.stm32cube.ide.mcu.externaltools.gnu-tools-for-stm32.9-2020-q2-update.win32_2.0.0.202105311346/tools/bin/../lib/gcc/arm-none-eabi/9.3.1/../../../../arm-none-eabi/lib/thumb/v7e-m+fp/hard/crt0.o (memset)
c:/st/stm32cubeide_1.7.0/stm32cubeide/plugins/com.st.stm32cube.ide.mcu.externaltools.gnu-tools-for-stm32.9-2020-q2-update.win32_2.0.0.202105311346/tools/bin/../lib/gcc/arm-none-eabi/9.3.1/thumb/v7e-m+fp/hard\libgcc.a(_aeabi_uldivmod.o)
                              ./Drivers/STM32F4xx_HAL_Driver/Src/stm32f4xx_hal_rcc.o (__aeabi_uldivmod)
c:/st/stm32cubeide_1.7.0/stm32cubeide/plugins/com.st.stm32cube.ide.mcu.externaltools.gnu-tools-for-stm32.9-2020-q2-update.win32_2.0.0.202105311346/tools/bin/../lib/gcc/arm-none-eabi/9.3.1/thumb/v7e-m+fp/hard\libgcc.a(_udivmoddi4.o)
                              c:/st/stm32cubeide_1.7.0/stm32cubeide/plugins/com.st.stm32cube.ide.mcu.externaltools.gnu-tools-for-stm32.9-2020-q2-update.win32_2.0.0.202105311346/tools/bin/../lib/gcc/arm-none-eabi/9.3.1/thumb/v7e-m+fp/hard\libgcc.a(_aeabi_uldivmod.o) (__udivmoddi4)
c:/st/stm32cubeide_1.7.0/stm32cubeide/plugins/com.st.stm32cube.ide.mcu.externaltools.gnu-tools-for-stm32.9-2020-q2-update.win32_2.0.0.202105311346/tools/bin/../lib/gcc/arm-none-eabi/9.3.1/thumb/v7e-m+fp/hard\libgcc.a(_dvmd_tls.o)
                              c:/st/stm32cubeide_1.7.0/stm32cubeide/plugins/com.st.stm32cube.ide.mcu.externaltools.gnu-tools-for-stm32.9-2020-q2-update.win32_2.0.0.202105311346/tools/bin/../lib/gcc/arm-none-eabi/9.3.1/thumb/v7e-m+fp/hard\libgcc.a(_aeabi_uldivmod.o) (__aeabi_ldiv0)

Allocating common symbols
Common symbol       size              file

hi2c1               0x54              ./Core/Src/main.o
uwTick              0x4               ./Drivers/STM32F4xx_HAL_Driver/Src/stm32f4xx_hal.o
pFlash              0x20              ./Drivers/STM32F4xx_HAL_Driver/Src/stm32f4xx_hal_flash.o

Discarded input sections

 .text          0x0000000000000000        0x0 c:/st/stm32cubeide_1.7.0/stm32cubeide/plugins/com.st.stm32cube.ide.mcu.externaltools.gnu-tools-for-stm32.9-2020-q2-update.win32_2.0.0.202105311346/tools/bin/../lib/gcc/arm-none-eabi/9.3.1/thumb/v7e-m+fp/hard/crti.o
 .data          0x0000000000000000        0x0 c:/st/stm32cubeide_1.7.0/stm32cubeide/plugins/com.st.stm32cube.ide.mcu.externaltools.gnu-tools-for-stm32.9-2020-q2-update.win32_2.0.0.202105311346/tools/bin/../lib/gcc/arm-none-eabi/9.3.1/thumb/v7e-m+fp/hard/crti.o
[...]
Memory Configuration

Name             Origin             Length             Attributes
CCMRAM           0x0000000010000000 0x0000000000010000 xrw
RAM              0x0000000020000000 0x0000000000020000 xrw
FLASH            0x0000000008000000 0x0000000000100000 xr
*default*        0x0000000000000000 0xffffffffffffffff

Linker script and memory map

LOAD c:/st/stm32cubeide_1.7.0/stm32cubeide/plugins/com.st.stm32cube.ide.mcu.externaltools.gnu-tools-for-stm32.9-2020-q2-update.win32_2.0.0.202105311346/tools/bin/../lib/gcc/arm-none-eabi/9.3.1/thumb/v7e-m+fp/hard/crti.o
LOAD c:/st/stm32cubeide_1.7.0/stm32cubeide/plugins/com.st.stm32cube.ide.mcu.externaltools.gnu-tools-for-stm32.9-2020-q2-update.win32_2.0.0.202105311346/tools/bin/../lib/gcc/arm-none-eabi/9.3.1/thumb/v7e-m+fp/hard/crtbegin.o
LOAD c:/st/stm32cubeide_1.7.0/stm32cubeide/plugins/com.st.stm32cube.ide.mcu.externaltools.gnu-tools-for-stm32.9-2020-q2-update.win32_2.0.0.202105311346/tools/bin/../lib/gcc/arm-none-eabi/9.3.1/../../../../arm-none-eabi/lib/thumb/v7e-m+fp/hard/crt0.o
LOAD ./Core/Src/main.o
LOAD ./Core/Src/stm32f4xx_hal_msp.o
LOAD ./Core/Src/stm32f4xx_it.o
LOAD ./Core/Src/syscalls.o
LOAD ./Core/Src/sysmem.o
LOAD ./Core/Src/system_stm32f4xx.o
LOAD ./Core/Startup/startup_stm32f407vgtx.o
LOAD ./Drivers/STM32F4xx_HAL_Driver/Src/stm32f4xx_hal.o
LOAD ./Drivers/STM32F4xx_HAL_Driver/Src/stm32f4xx_hal_cortex.o
LOAD ./Drivers/STM32F4xx_HAL_Driver/Src/stm32f4xx_hal_dma.o
LOAD ./Drivers/STM32F4xx_HAL_Driver/Src/stm32f4xx_hal_dma_ex.o
LOAD ./Drivers/STM32F4xx_HAL_Driver/Src/stm32f4xx_hal_exti.o
LOAD ./Drivers/STM32F4xx_HAL_Driver/Src/stm32f4xx_hal_flash.o
LOAD ./Drivers/STM32F4xx_HAL_Driver/Src/stm32f4xx_hal_flash_ex.o
LOAD ./Drivers/STM32F4xx_HAL_Driver/Src/stm32f4xx_hal_flash_ramfunc.o
LOAD ./Drivers/STM32F4xx_HAL_Driver/Src/stm32f4xx_hal_gpio.o
LOAD ./Drivers/STM32F4xx_HAL_Driver/Src/stm32f4xx_hal_i2c.o
LOAD ./Drivers/STM32F4xx_HAL_Driver/Src/stm32f4xx_hal_i2c_ex.o
LOAD ./Drivers/STM32F4xx_HAL_Driver/Src/stm32f4xx_hal_pwr.o
LOAD ./Drivers/STM32F4xx_HAL_Driver/Src/stm32f4xx_hal_pwr_ex.o
LOAD ./Drivers/STM32F4xx_HAL_Driver/Src/stm32f4xx_hal_rcc.o
LOAD ./Drivers/STM32F4xx_HAL_Driver/Src/stm32f4xx_hal_rcc_ex.o
LOAD ./Drivers/STM32F4xx_HAL_Driver/Src/stm32f4xx_hal_tim.o
LOAD ./Drivers/STM32F4xx_HAL_Driver/Src/stm32f4xx_hal_tim_ex.o
START GROUP
LOAD c:/st/stm32cubeide_1.7.0/stm32cubeide/plugins/com.st.stm32cube.ide.mcu.externaltools.gnu-tools-for-stm32.9-2020-q2-update.win32_2.0.0.202105311346/tools/bin/../lib/gcc/arm-none-eabi/9.3.1/../../../../arm-none-eabi/lib/thumb/v7e-m+fp/hard\libc_nano.a
LOAD c:/st/stm32cubeide_1.7.0/stm32cubeide/plugins/com.st.stm32cube.ide.mcu.externaltools.gnu-tools-for-stm32.9-2020-q2-update.win32_2.0.0.202105311346/tools/bin/../lib/gcc/arm-none-eabi/9.3.1/../../../../arm-none-eabi/lib/thumb/v7e-m+fp/hard\libm.a
END GROUP
START GROUP
LOAD c:/st/stm32cubeide_1.7.0/stm32cubeide/plugins/com.st.stm32cube.ide.mcu.externaltools.gnu-tools-for-stm32.9-2020-q2-update.win32_2.0.0.202105311346/tools/bin/../lib/gcc/arm-none-eabi/9.3.1/thumb/v7e-m+fp/hard\libgcc.a
LOAD c:/st/stm32cubeide_1.7.0/stm32cubeide/plugins/com.st.stm32cube.ide.mcu.externaltools.gnu-tools-for-stm32.9-2020-q2-update.win32_2.0.0.202105311346/tools/bin/../lib/gcc/arm-none-eabi/9.3.1/../../../../arm-none-eabi/lib/thumb/v7e-m+fp/hard\libc_nano.a
END GROUP
START GROUP
LOAD c:/st/stm32cubeide_1.7.0/stm32cubeide/plugins/com.st.stm32cube.ide.mcu.externaltools.gnu-tools-for-stm32.9-2020-q2-update.win32_2.0.0.202105311346/tools/bin/../lib/gcc/arm-none-eabi/9.3.1/thumb/v7e-m+fp/hard\libgcc.a
LOAD c:/st/stm32cubeide_1.7.0/stm32cubeide/plugins/com.st.stm32cube.ide.mcu.externaltools.gnu-tools-for-stm32.9-2020-q2-update.win32_2.0.0.202105311346/tools/bin/../lib/gcc/arm-none-eabi/9.3.1/../../../../arm-none-eabi/lib/thumb/v7e-m+fp/hard\libc_nano.a
LOAD c:/st/stm32cubeide_1.7.0/stm32cubeide/plugins/com.st.stm32cube.ide.mcu.externaltools.gnu-tools-for-stm32.9-2020-q2-update.win32_2.0.0.202105311346/tools/bin/../lib/gcc/arm-none-eabi/9.3.1/../../../../arm-none-eabi/lib/thumb/v7e-m+fp/hard\libnosys.a
END GROUP
START GROUP
LOAD c:/st/stm32cubeide_1.7.0/stm32cubeide/plugins/com.st.stm32cube.ide.mcu.externaltools.gnu-tools-for-stm32.9-2020-q2-update.win32_2.0.0.202105311346/tools/bin/../lib/gcc/arm-none-eabi/9.3.1/thumb/v7e-m+fp/hard\libgcc.a
LOAD c:/st/stm32cubeide_1.7.0/stm32cubeide/plugins/com.st.stm32cube.ide.mcu.externaltools.gnu-tools-for-stm32.9-2020-q2-update.win32_2.0.0.202105311346/tools/bin/../lib/gcc/arm-none-eabi/9.3.1/../../../../arm-none-eabi/lib/thumb/v7e-m+fp/hard\libc_nano.a
LOAD c:/st/stm32cubeide_1.7.0/stm32cubeide/plugins/com.st.stm32cube.ide.mcu.externaltools.gnu-tools-for-stm32.9-2020-q2-update.win32_2.0.0.202105311346/tools/bin/../lib/gcc/arm-none-eabi/9.3.1/../../../../arm-none-eabi/lib/thumb/v7e-m+fp/hard\libnosys.a
END GROUP
LOAD c:/st/stm32cubeide_1.7.0/stm32cubeide/plugins/com.st.stm32cube.ide.mcu.externaltools.gnu-tools-for-stm32.9-2020-q2-update.win32_2.0.0.202105311346/tools/bin/../lib/gcc/arm-none-eabi/9.3.1/thumb/v7e-m+fp/hard/crtend.o
LOAD c:/st/stm32cubeide_1.7.0/stm32cubeide/plugins/com.st.stm32cube.ide.mcu.externaltools.gnu-tools-for-stm32.9-2020-q2-update.win32_2.0.0.202105311346/tools/bin/../lib/gcc/arm-none-eabi/9.3.1/thumb/v7e-m+fp/hard/crtn.o
                0x0000000020020000                _estack = (ORIGIN (RAM) + LENGTH (RAM))
                0x0000000000000200                _Min_Heap_Size = 0x200
                0x0000000000000400                _Min_Stack_Size = 0x400

.isr_vector     0x0000000008000000      0x188
                0x0000000008000000                . = ALIGN (0x4)
 *(.isr_vector)
 .isr_vector    0x0000000008000000      0x188 ./Core/Startup/startup_stm32f407vgtx.o
                0x0000000008000000                g_pfnVectors
                0x0000000008000188                . = ALIGN (0x4)

.text           0x0000000008000188     0x395c
                0x0000000008000188                . = ALIGN (0x4)
 *(.text)
 .text          0x0000000008000188       0x40 c:/st/stm32cubeide_1.7.0/stm32cubeide/plugins/com.st.stm32cube.ide.mcu.externaltools.gnu-tools-for-stm32.9-2020-q2-update.win32_2.0.0.202105311346/tools/bin/../lib/gcc/arm-none-eabi/9.3.1/thumb/v7e-m+fp/hard/crtbegin.o
 .text          0x00000000080001c8       0x30 c:/st/stm32cubeide_1.7.0/stm32cubeide/plugins/com.st.stm32cube.ide.mcu.externaltools.gnu-tools-for-stm32.9-2020-q2-update.win32_2.0.0.202105311346/tools/bin/../lib/gcc/arm-none-eabi/9.3.1/thumb/v7e-m+fp/hard\libgcc.a(_aeabi_uldivmod.o)
                0x00000000080001c8                __aeabi_uldivmod
 .text          0x00000000080001f8      0x2c4 c:/st/stm32cubeide_1.7.0/stm32cubeide/plugins/com.st.stm32cube.ide.mcu.externaltools.gnu-tools-for-stm32.9-2020-q2-update.win32_2.0.0.202105311346/tools/bin/../lib/gcc/arm-none-eabi/9.3.1/thumb/v7e-m+fp/hard\libgcc.a(_udivmoddi4.o)
                0x00000000080001f8                __udivmoddi4
 .text          0x00000000080004bc        0x4 c:/st/stm32cubeide_1.7.0/stm32cubeide/plugins/com.st.stm32cube.ide.mcu.externaltools.gnu-tools-for-stm32.9-2020-q2-update.win32_2.0.0.202105311346/tools/bin/../lib/gcc/arm-none-eabi/9.3.1/thumb/v7e-m+fp/hard\libgcc.a(_dvmd_tls.o)
                0x00000000080004bc                __aeabi_idiv0
                0x00000000080004bc                __aeabi_ldiv0
 *(.text*)
 .text.main     0x00000000080004c0       0x54 ./Core/Src/main.o
                0x00000000080004c0                main
 .text.SystemClock_Config
                0x0000000008000514       0xd4 ./Core/Src/main.o
                0x0000000008000514                SystemClock_Config
 .text.MX_I2C1_Init
                0x00000000080005e8       0x5c ./Core/Src/main.o
 .text.MX_GPIO_Init
                0x0000000008000644       0x50 ./Core/Src/main.o
 .text.Error_Handler
                0x0000000008000694        0xa ./Core/Src/main.o
                0x0000000008000694                Error_Handler
 *fill*         0x000000000800069e        0x2 
 .text.HAL_MspInit
                0x00000000080006a0       0x50 ./Core/Src/stm32f4xx_hal_msp.o
                0x00000000080006a0                HAL_MspInit
 .text.HAL_I2C_MspInit
                0x00000000080006f0       0xb0 ./Core/Src/stm32f4xx_hal_msp.o
                0x00000000080006f0                HAL_I2C_MspInit
 .text.NMI_Handler
                0x00000000080007a0        0x6 ./Core/Src/stm32f4xx_it.o
                0x00000000080007a0                NMI_Handler
 .text.HardFault_Handler
                0x00000000080007a6        0x6 ./Core/Src/stm32f4xx_it.o
                0x00000000080007a6                HardFault_Handler
 .text.MemManage_Handler
                0x00000000080007ac        0x6 ./Core/Src/stm32f4xx_it.o
                0x00000000080007ac                MemManage_Handler
 .text.BusFault_Handler
                0x00000000080007b2        0x6 ./Core/Src/stm32f4xx_it.o
                0x00000000080007b2                BusFault_Handler
 .text.UsageFault_Handler
                0x00000000080007b8        0x6 ./Core/Src/stm32f4xx_it.o
                0x00000000080007b8                UsageFault_Handler
 .text.SVC_Handler
                0x00000000080007be        0xe ./Core/Src/stm32f4xx_it.o
                0x00000000080007be                SVC_Handler
 .text.DebugMon_Handler
                0x00000000080007cc        0xe ./Core/Src/stm32f4xx_it.o
                0x00000000080007cc                DebugMon_Handler
 .text.PendSV_Handler
                0x00000000080007da        0xe ./Core/Src/stm32f4xx_it.o
                0x00000000080007da                PendSV_Handler
 .text.SysTick_Handler
                0x00000000080007e8        0xc ./Core/Src/stm32f4xx_it.o
                0x00000000080007e8                SysTick_Handler
 .text.I2C1_EV_IRQHandler
                0x00000000080007f4       0x14 ./Core/Src/stm32f4xx_it.o
                0x00000000080007f4                I2C1_EV_IRQHandler
 .text.I2C1_ER_IRQHandler
                0x0000000008000808       0x14 ./Core/Src/stm32f4xx_it.o
                0x0000000008000808                I2C1_ER_IRQHandler
 .text.SystemInit
                0x000000000800081c       0x24 ./Core/Src/system_stm32f4xx.o
                0x000000000800081c                SystemInit
 .text.Reset_Handler
                0x0000000008000840       0x50 ./Core/Startup/startup_stm32f407vgtx.o
                0x0000000008000840                Reset_Handler
 .text.Default_Handler
                0x0000000008000890        0x2 ./Core/Startup/startup_stm32f407vgtx.o
                0x0000000008000890                RTC_Alarm_IRQHandler
                0x0000000008000890                HASH_RNG_IRQHandler
                0x0000000008000890                EXTI2_IRQHandler
                0x0000000008000890                TIM8_CC_IRQHandler
                0x0000000008000890                TIM1_CC_IRQHandler
                0x0000000008000890                DMA2_Stream5_IRQHandler
                0x0000000008000890                DMA1_Stream5_IRQHandler
                0x0000000008000890                PVD_IRQHandler
                0x0000000008000890                SDIO_IRQHandler
                0x0000000008000890                TAMP_STAMP_IRQHandler
                0x0000000008000890                CAN2_RX1_IRQHandler
                0x0000000008000890                EXTI3_IRQHandler
                0x0000000008000890                TIM8_TRG_COM_TIM14_IRQHandler
                0x0000000008000890                TIM1_UP_TIM10_IRQHandler
                0x0000000008000890                TIM8_UP_TIM13_IRQHandler
                0x0000000008000890                I2C3_ER_IRQHandler
                0x0000000008000890                EXTI0_IRQHandler
                0x0000000008000890                I2C2_EV_IRQHandler
                0x0000000008000890                DMA1_Stream2_IRQHandler
                0x0000000008000890                CAN1_RX0_IRQHandler
                0x0000000008000890                FPU_IRQHandler
                0x0000000008000890                OTG_HS_WKUP_IRQHandler
                0x0000000008000890                CAN2_SCE_IRQHandler
                0x0000000008000890                DMA2_Stream2_IRQHandler
                0x0000000008000890                SPI1_IRQHandler
                0x0000000008000890                TIM6_DAC_IRQHandler
                0x0000000008000890                TIM1_BRK_TIM9_IRQHandler
                0x0000000008000890                DCMI_IRQHandler
                0x0000000008000890                CAN2_RX0_IRQHandler
                0x0000000008000890                DMA2_Stream3_IRQHandler
                0x0000000008000890                USART6_IRQHandler
                0x0000000008000890                USART3_IRQHandler
                0x0000000008000890                CAN1_RX1_IRQHandler
                0x0000000008000890                UART5_IRQHandler
                0x0000000008000890                DMA2_Stream0_IRQHandler
                0x0000000008000890                TIM4_IRQHandler
                0x0000000008000890                DMA1_Stream6_IRQHandler
                0x0000000008000890                DMA1_Stream1_IRQHandler
                0x0000000008000890                UART4_IRQHandler
                0x0000000008000890                TIM3_IRQHandler
                0x0000000008000890                RCC_IRQHandler
                0x0000000008000890                TIM8_BRK_TIM12_IRQHandler
                0x0000000008000890                Default_Handler
                0x0000000008000890                EXTI15_10_IRQHandler
                0x0000000008000890                ADC_IRQHandler
                0x0000000008000890                DMA1_Stream7_IRQHandler
                0x0000000008000890                TIM7_IRQHandler
                0x0000000008000890                CAN2_TX_IRQHandler
                0x0000000008000890                TIM5_IRQHandler
                0x0000000008000890                DMA2_Stream7_IRQHandler
                0x0000000008000890                I2C3_EV_IRQHandler
                0x0000000008000890                EXTI9_5_IRQHandler
                0x0000000008000890                RTC_WKUP_IRQHandler
                0x0000000008000890                ETH_WKUP_IRQHandler
                0x0000000008000890                SPI2_IRQHandler
                0x0000000008000890                OTG_HS_EP1_IN_IRQHandler
                0x0000000008000890                DMA1_Stream0_IRQHandler
                0x0000000008000890                CAN1_TX_IRQHandler
                0x0000000008000890                EXTI4_IRQHandler
                0x0000000008000890                FSMC_IRQHandler
                0x0000000008000890                ETH_IRQHandler
                0x0000000008000890                OTG_HS_EP1_OUT_IRQHandler
                0x0000000008000890                WWDG_IRQHandler
                0x0000000008000890                TIM2_IRQHandler
                0x0000000008000890                OTG_FS_WKUP_IRQHandler
                0x0000000008000890                TIM1_TRG_COM_TIM11_IRQHandler
                0x0000000008000890                OTG_HS_IRQHandler
                0x0000000008000890                EXTI1_IRQHandler
                0x0000000008000890                USART2_IRQHandler
                0x0000000008000890                I2C2_ER_IRQHandler
                0x0000000008000890                DMA2_Stream1_IRQHandler
                0x0000000008000890                CAN1_SCE_IRQHandler
                0x0000000008000890                FLASH_IRQHandler
                0x0000000008000890                DMA2_Stream4_IRQHandler
                0x0000000008000890                USART1_IRQHandler
                0x0000000008000890                OTG_FS_IRQHandler
                0x0000000008000890                SPI3_IRQHandler
                0x0000000008000890                DMA1_Stream4_IRQHandler
                0x0000000008000890                DMA2_Stream6_IRQHandler
                0x0000000008000890                DMA1_Stream3_IRQHandler
 *fill*         0x0000000008000892        0x2 
 .text.HAL_Init
                0x0000000008000894       0x44 ./Drivers/STM32F4xx_HAL_Driver/Src/stm32f4xx_hal.o
                0x0000000008000894                HAL_Init
 .text.HAL_InitTick
                0x00000000080008d8       0x60 ./Drivers/STM32F4xx_HAL_Driver/Src/stm32f4xx_hal.o
                0x00000000080008d8                HAL_InitTick
 .text.HAL_IncTick
                0x0000000008000938       0x28 ./Drivers/STM32F4xx_HAL_Driver/Src/stm32f4xx_hal.o
                0x0000000008000938                HAL_IncTick
 .text.HAL_GetTick
                0x0000000008000960       0x18 ./Drivers/STM32F4xx_HAL_Driver/Src/stm32f4xx_hal.o
                0x0000000008000960                HAL_GetTick
 .text.HAL_Delay
                0x0000000008000978       0x48 ./Drivers/STM32F4xx_HAL_Driver/Src/stm32f4xx_hal.o
                0x0000000008000978                HAL_Delay
 .text.__NVIC_SetPriorityGrouping
                0x00000000080009c0       0x48 ./Drivers/STM32F4xx_HAL_Driver/Src/stm32f4xx_hal_cortex.o
 .text.__NVIC_GetPriorityGrouping
                0x0000000008000a08       0x1c ./Drivers/STM32F4xx_HAL_Driver/Src/stm32f4xx_hal_cortex.o
 .text.__NVIC_EnableIRQ
                0x0000000008000a24       0x3c ./Drivers/STM32F4xx_HAL_Driver/Src/stm32f4xx_hal_cortex.o
 .text.__NVIC_SetPriority
                0x0000000008000a60       0x54 ./Drivers/STM32F4xx_HAL_Driver/Src/stm32f4xx_hal_cortex.o
 .text.NVIC_EncodePriority
                0x0000000008000ab4       0x66 ./Drivers/STM32F4xx_HAL_Driver/Src/stm32f4xx_hal_cortex.o
 *fill*         0x0000000008000b1a        0x2 
 .text.SysTick_Config
                0x0000000008000b1c       0x44 ./Drivers/STM32F4xx_HAL_Driver/Src/stm32f4xx_hal_cortex.o
 .text.HAL_NVIC_SetPriorityGrouping
                0x0000000008000b60       0x16 ./Drivers/STM32F4xx_HAL_Driver/Src/stm32f4xx_hal_cortex.o
                0x0000000008000b60                HAL_NVIC_SetPriorityGrouping
 .text.HAL_NVIC_SetPriority
                0x0000000008000b76       0x38 ./Drivers/STM32F4xx_HAL_Driver/Src/stm32f4xx_hal_cortex.o
                0x0000000008000b76                HAL_NVIC_SetPriority
 .text.HAL_NVIC_EnableIRQ
                0x0000000008000bae       0x1c ./Drivers/STM32F4xx_HAL_Driver/Src/stm32f4xx_hal_cortex.o
                0x0000000008000bae                HAL_NVIC_EnableIRQ
 .text.HAL_SYSTICK_Config
                0x0000000008000bca       0x18 ./Drivers/STM32F4xx_HAL_Driver/Src/stm32f4xx_hal_cortex.o
                0x0000000008000bca                HAL_SYSTICK_Config
 .text.HAL_DMA_Abort_IT
                0x0000000008000be2       0x44 ./Drivers/STM32F4xx_HAL_Driver/Src/stm32f4xx_hal_dma.o
                0x0000000008000be2                HAL_DMA_Abort_IT
 .text.HAL_DMA_GetState
                0x0000000008000c26       0x1c ./Drivers/STM32F4xx_HAL_Driver/Src/stm32f4xx_hal_dma.o
                0x0000000008000c26                HAL_DMA_GetState
 *fill*         0x0000000008000c42        0x2 
 .text.HAL_GPIO_Init
                0x0000000008000c44      0x338 ./Drivers/STM32F4xx_HAL_Driver/Src/stm32f4xx_hal_gpio.o
                0x0000000008000c44                HAL_GPIO_Init
 .text.HAL_I2C_Init
                0x0000000008000f7c      0x288 ./Drivers/STM32F4xx_HAL_Driver/Src/stm32f4xx_hal_i2c.o
                0x0000000008000f7c                HAL_I2C_Init
 .text.HAL_I2C_Master_Transmit
                0x0000000008001204      0x1fc ./Drivers/STM32F4xx_HAL_Driver/Src/stm32f4xx_hal_i2c.o
                0x0000000008001204                HAL_I2C_Master_Transmit
 .text.HAL_I2C_EV_IRQHandler
                0x0000000008001400      0x2e2 ./Drivers/STM32F4xx_HAL_Driver/Src/stm32f4xx_hal_i2c.o
                0x0000000008001400                HAL_I2C_EV_IRQHandler
 .text.HAL_I2C_ER_IRQHandler
                0x00000000080016e2      0x14e ./Drivers/STM32F4xx_HAL_Driver/Src/stm32f4xx_hal_i2c.o
                0x00000000080016e2                HAL_I2C_ER_IRQHandler
 .text.HAL_I2C_MasterTxCpltCallback
                0x0000000008001830       0x14 ./Drivers/STM32F4xx_HAL_Driver/Src/stm32f4xx_hal_i2c.o
                0x0000000008001830                HAL_I2C_MasterTxCpltCallback
 .text.HAL_I2C_MasterRxCpltCallback
                0x0000000008001844       0x14 ./Drivers/STM32F4xx_HAL_Driver/Src/stm32f4xx_hal_i2c.o
                0x0000000008001844                HAL_I2C_MasterRxCpltCallback
 .text.HAL_I2C_SlaveTxCpltCallback
                0x0000000008001858       0x14 ./Drivers/STM32F4xx_HAL_Driver/Src/stm32f4xx_hal_i2c.o
                0x0000000008001858                HAL_I2C_SlaveTxCpltCallback
 .text.HAL_I2C_SlaveRxCpltCallback
                0x000000000800186c       0x14 ./Drivers/STM32F4xx_HAL_Driver/Src/stm32f4xx_hal_i2c.o
                0x000000000800186c                HAL_I2C_SlaveRxCpltCallback
 .text.HAL_I2C_AddrCallback
                0x0000000008001880       0x1c ./Drivers/STM32F4xx_HAL_Driver/Src/stm32f4xx_hal_i2c.o
                0x0000000008001880                HAL_I2C_AddrCallback
 .text.HAL_I2C_ListenCpltCallback
                0x000000000800189c       0x14 ./Drivers/STM32F4xx_HAL_Driver/Src/stm32f4xx_hal_i2c.o
                0x000000000800189c                HAL_I2C_ListenCpltCallback
 .text.HAL_I2C_MemTxCpltCallback
                0x00000000080018b0       0x14 ./Drivers/STM32F4xx_HAL_Driver/Src/stm32f4xx_hal_i2c.o
                0x00000000080018b0                HAL_I2C_MemTxCpltCallback
 .text.HAL_I2C_MemRxCpltCallback
                0x00000000080018c4       0x14 ./Drivers/STM32F4xx_HAL_Driver/Src/stm32f4xx_hal_i2c.o
                0x00000000080018c4                HAL_I2C_MemRxCpltCallback
 .text.HAL_I2C_ErrorCallback
                0x00000000080018d8       0x14 ./Drivers/STM32F4xx_HAL_Driver/Src/stm32f4xx_hal_i2c.o
                0x00000000080018d8                HAL_I2C_ErrorCallback
 .text.HAL_I2C_AbortCpltCallback
                0x00000000080018ec       0x14 ./Drivers/STM32F4xx_HAL_Driver/Src/stm32f4xx_hal_i2c.o
                0x00000000080018ec                HAL_I2C_AbortCpltCallback
 .text.I2C_MasterTransmit_TXE
                0x0000000008001900      0x138 ./Drivers/STM32F4xx_HAL_Driver/Src/stm32f4xx_hal_i2c.o
 .text.I2C_MasterTransmit_BTF
                0x0000000008001a38       0xec ./Drivers/STM32F4xx_HAL_Driver/Src/stm32f4xx_hal_i2c.o
 .text.I2C_MemoryTransmit_TXE_BTF
                0x0000000008001b24      0x128 ./Drivers/STM32F4xx_HAL_Driver/Src/stm32f4xx_hal_i2c.o
 .text.I2C_MasterReceive_RXNE
                0x0000000008001c4c      0x162 ./Drivers/STM32F4xx_HAL_Driver/Src/stm32f4xx_hal_i2c.o
 .text.I2C_MasterReceive_BTF
                0x0000000008001dae      0x1d4 ./Drivers/STM32F4xx_HAL_Driver/Src/stm32f4xx_hal_i2c.o
 .text.I2C_Master_SB
                0x0000000008001f82      0x10c ./Drivers/STM32F4xx_HAL_Driver/Src/stm32f4xx_hal_i2c.o
 .text.I2C_Master_ADD10
                0x000000000800208e       0x54 ./Drivers/STM32F4xx_HAL_Driver/Src/stm32f4xx_hal_i2c.o
 .text.I2C_Master_ADDR
                0x00000000080020e2      0x322 ./Drivers/STM32F4xx_HAL_Driver/Src/stm32f4xx_hal_i2c.o
 .text.I2C_SlaveTransmit_TXE
                0x0000000008002404       0x7a ./Drivers/STM32F4xx_HAL_Driver/Src/stm32f4xx_hal_i2c.o
 .text.I2C_SlaveTransmit_BTF
                0x000000000800247e       0x42 ./Drivers/STM32F4xx_HAL_Driver/Src/stm32f4xx_hal_i2c.o
 .text.I2C_SlaveReceive_RXNE
                0x00000000080024c0       0x7c ./Drivers/STM32F4xx_HAL_Driver/Src/stm32f4xx_hal_i2c.o
 .text.I2C_SlaveReceive_BTF
                0x000000000800253c       0x44 ./Drivers/STM32F4xx_HAL_Driver/Src/stm32f4xx_hal_i2c.o
 .text.I2C_Slave_ADDR
                0x0000000008002580       0x94 ./Drivers/STM32F4xx_HAL_Driver/Src/stm32f4xx_hal_i2c.o
 .text.I2C_Slave_STOPF
                0x0000000008002614      0x260 ./Drivers/STM32F4xx_HAL_Driver/Src/stm32f4xx_hal_i2c.o
 .text.I2C_Slave_AF
                0x0000000008002874       0xe0 ./Drivers/STM32F4xx_HAL_Driver/Src/stm32f4xx_hal_i2c.o
 .text.I2C_ITError
                0x0000000008002954      0x264 ./Drivers/STM32F4xx_HAL_Driver/Src/stm32f4xx_hal_i2c.o
 .text.I2C_MasterRequestWrite
                0x0000000008002bb8      0x104 ./Drivers/STM32F4xx_HAL_Driver/Src/stm32f4xx_hal_i2c.o
 .text.I2C_DMAAbort
                0x0000000008002cbc      0x150 ./Drivers/STM32F4xx_HAL_Driver/Src/stm32f4xx_hal_i2c.o
 .text.I2C_WaitOnFlagUntilTimeout
                0x0000000008002e0c       0xae ./Drivers/STM32F4xx_HAL_Driver/Src/stm32f4xx_hal_i2c.o
 .text.I2C_WaitOnMasterAddressFlagUntilTimeout
                0x0000000008002eba       0xfe ./Drivers/STM32F4xx_HAL_Driver/Src/stm32f4xx_hal_i2c.o
 .text.I2C_WaitOnTXEFlagUntilTimeout
                0x0000000008002fb8       0x82 ./Drivers/STM32F4xx_HAL_Driver/Src/stm32f4xx_hal_i2c.o
 .text.I2C_WaitOnBTFFlagUntilTimeout
                0x000000000800303a       0x82 ./Drivers/STM32F4xx_HAL_Driver/Src/stm32f4xx_hal_i2c.o
 .text.I2C_WaitOnSTOPRequestThroughIT
                0x00000000080030bc       0x64 ./Drivers/STM32F4xx_HAL_Driver/Src/stm32f4xx_hal_i2c.o
 .text.I2C_IsAcknowledgeFailed
                0x0000000008003120       0x5e ./Drivers/STM32F4xx_HAL_Driver/Src/stm32f4xx_hal_i2c.o
 .text.I2C_ConvertOtherXferOptions
                0x000000000800317e       0x36 ./Drivers/STM32F4xx_HAL_Driver/Src/stm32f4xx_hal_i2c.o
 .text.HAL_RCC_OscConfig
                0x00000000080031b4      0x4f0 ./Drivers/STM32F4xx_HAL_Driver/Src/stm32f4xx_hal_rcc.o
                0x00000000080031b4                HAL_RCC_OscConfig
 .text.HAL_RCC_ClockConfig
                0x00000000080036a4      0x1cc ./Drivers/STM32F4xx_HAL_Driver/Src/stm32f4xx_hal_rcc.o
                0x00000000080036a4                HAL_RCC_ClockConfig
 .text.HAL_RCC_GetSysClockFreq
                0x0000000008003870      0x1c4 ./Drivers/STM32F4xx_HAL_Driver/Src/stm32f4xx_hal_rcc.o
                0x0000000008003870                HAL_RCC_GetSysClockFreq
 .text.HAL_RCC_GetHCLKFreq
                0x0000000008003a34       0x18 ./Drivers/STM32F4xx_HAL_Driver/Src/stm32f4xx_hal_rcc.o
                0x0000000008003a34                HAL_RCC_GetHCLKFreq
 .text.HAL_RCC_GetPCLK1Freq
                0x0000000008003a4c       0x28 ./Drivers/STM32F4xx_HAL_Driver/Src/stm32f4xx_hal_rcc.o
                0x0000000008003a4c                HAL_RCC_GetPCLK1Freq
 .text.__libc_init_array
                0x0000000008003a74       0x48 c:/st/stm32cubeide_1.7.0/stm32cubeide/plugins/com.st.stm32cube.ide.mcu.externaltools.gnu-tools-for-stm32.9-2020-q2-update.win32_2.0.0.202105311346/tools/bin/../lib/gcc/arm-none-eabi/9.3.1/../../../../arm-none-eabi/lib/thumb/v7e-m+fp/hard\libc_nano.a(lib_a-init.o)
                0x0000000008003a74                __libc_init_array
 .text.memset   0x0000000008003abc       0x10 c:/st/stm32cubeide_1.7.0/stm32cubeide/plugins/com.st.stm32cube.ide.mcu.externaltools.gnu-tools-for-stm32.9-2020-q2-update.win32_2.0.0.202105311346/tools/bin/../lib/gcc/arm-none-eabi/9.3.1/../../../../arm-none-eabi/lib/thumb/v7e-m+fp/hard\libc_nano.a(lib_a-memset.o)
                0x0000000008003abc                memset
 *(.glue_7)
 .glue_7        0x0000000008003acc        0x0 linker stubs
 *(.glue_7t)
 .glue_7t       0x0000000008003acc        0x0 linker stubs
 *(.eh_frame)
 .eh_frame      0x0000000008003acc        0x0 c:/st/stm32cubeide_1.7.0/stm32cubeide/plugins/com.st.stm32cube.ide.mcu.externaltools.gnu-tools-for-stm32.9-2020-q2-update.win32_2.0.0.202105311346/tools/bin/../lib/gcc/arm-none-eabi/9.3.1/thumb/v7e-m+fp/hard/crtbegin.o
 *(.init)
 .init          0x0000000008003acc        0x4 c:/st/stm32cubeide_1.7.0/stm32cubeide/plugins/com.st.stm32cube.ide.mcu.externaltools.gnu-tools-for-stm32.9-2020-q2-update.win32_2.0.0.202105311346/tools/bin/../lib/gcc/arm-none-eabi/9.3.1/thumb/v7e-m+fp/hard/crti.o
                0x0000000008003acc                _init
 .init          0x0000000008003ad0        0x8 c:/st/stm32cubeide_1.7.0/stm32cubeide/plugins/com.st.stm32cube.ide.mcu.externaltools.gnu-tools-for-stm32.9-2020-q2-update.win32_2.0.0.202105311346/tools/bin/../lib/gcc/arm-none-eabi/9.3.1/thumb/v7e-m+fp/hard/crtn.o
 *(.fini)
 .fini          0x0000000008003ad8        0x4 c:/st/stm32cubeide_1.7.0/stm32cubeide/plugins/com.st.stm32cube.ide.mcu.externaltools.gnu-tools-for-stm32.9-2020-q2-update.win32_2.0.0.202105311346/tools/bin/../lib/gcc/arm-none-eabi/9.3.1/thumb/v7e-m+fp/hard/crti.o
                0x0000000008003ad8                _fini
 .fini          0x0000000008003adc        0x8 c:/st/stm32cubeide_1.7.0/stm32cubeide/plugins/com.st.stm32cube.ide.mcu.externaltools.gnu-tools-for-stm32.9-2020-q2-update.win32_2.0.0.202105311346/tools/bin/../lib/gcc/arm-none-eabi/9.3.1/thumb/v7e-m+fp/hard/crtn.o
                0x0000000008003ae4                . = ALIGN (0x4)
                0x0000000008003ae4                _etext = .

.vfp11_veneer   0x0000000008003ae4        0x0
 .vfp11_veneer  0x0000000008003ae4        0x0 linker stubs

.v4_bx          0x0000000008003ae4        0x0
 .v4_bx         0x0000000008003ae4        0x0 linker stubs

.iplt           0x0000000008003ae4        0x0
 .iplt          0x0000000008003ae4        0x0 c:/st/stm32cubeide_1.7.0/stm32cubeide/plugins/com.st.stm32cube.ide.mcu.externaltools.gnu-tools-for-stm32.9-2020-q2-update.win32_2.0.0.202105311346/tools/bin/../lib/gcc/arm-none-eabi/9.3.1/thumb/v7e-m+fp/hard/crtbegin.o

.rodata         0x0000000008003ae4       0x2c
                0x0000000008003ae4                . = ALIGN (0x4)
 *(.rodata)
 .rodata        0x0000000008003ae4       0x14 ./Core/Src/main.o
 *(.rodata*)
 .rodata.AHBPrescTable
                0x0000000008003af8       0x10 ./Core/Src/system_stm32f4xx.o
                0x0000000008003af8                AHBPrescTable
 .rodata.APBPrescTable
                0x0000000008003b08        0x8 ./Core/Src/system_stm32f4xx.o
                0x0000000008003b08                APBPrescTable
                0x0000000008003b10                . = ALIGN (0x4)

.ARM.extab      0x0000000008003b10        0x0
                0x0000000008003b10                . = ALIGN (0x4)
 *(.ARM.extab* .gnu.linkonce.armextab.*)
                0x0000000008003b10                . = ALIGN (0x4)

.ARM            0x0000000008003b10        0x8
                0x0000000008003b10                . = ALIGN (0x4)
                0x0000000008003b10                __exidx_start = .
 *(.ARM.exidx*)
 .ARM.exidx     0x0000000008003b10        0x8 c:/st/stm32cubeide_1.7.0/stm32cubeide/plugins/com.st.stm32cube.ide.mcu.externaltools.gnu-tools-for-stm32.9-2020-q2-update.win32_2.0.0.202105311346/tools/bin/../lib/gcc/arm-none-eabi/9.3.1/thumb/v7e-m+fp/hard\libgcc.a(_udivmoddi4.o)
                0x0000000008003b18                __exidx_end = .
                0x0000000008003b18                . = ALIGN (0x4)

.rel.dyn        0x0000000008003b18        0x0
 .rel.iplt      0x0000000008003b18        0x0 c:/st/stm32cubeide_1.7.0/stm32cubeide/plugins/com.st.stm32cube.ide.mcu.externaltools.gnu-tools-for-stm32.9-2020-q2-update.win32_2.0.0.202105311346/tools/bin/../lib/gcc/arm-none-eabi/9.3.1/thumb/v7e-m+fp/hard/crtbegin.o

.preinit_array  0x0000000008003b18        0x0
                0x0000000008003b18                . = ALIGN (0x4)
                0x0000000008003b18                PROVIDE (__preinit_array_start = .)
 *(.preinit_array*)
                0x0000000008003b18                PROVIDE (__preinit_array_end = .)
                0x0000000008003b18                . = ALIGN (0x4)

.init_array     0x0000000008003b18        0x4
                0x0000000008003b18                . = ALIGN (0x4)
                0x0000000008003b18                PROVIDE (__init_array_start = .)
 *(SORT_BY_NAME(.init_array.*))
 *(.init_array*)
 .init_array    0x0000000008003b18        0x4 c:/st/stm32cubeide_1.7.0/stm32cubeide/plugins/com.st.stm32cube.ide.mcu.externaltools.gnu-tools-for-stm32.9-2020-q2-update.win32_2.0.0.202105311346/tools/bin/../lib/gcc/arm-none-eabi/9.3.1/thumb/v7e-m+fp/hard/crtbegin.o
                0x0000000008003b1c                PROVIDE (__init_array_end = .)
                0x0000000008003b1c                . = ALIGN (0x4)

.fini_array     0x0000000008003b1c        0x4
                0x0000000008003b1c                . = ALIGN (0x4)
                [!provide]                        PROVIDE (__fini_array_start = .)
 *(SORT_BY_NAME(.fini_array.*))
 *(.fini_array*)
 .fini_array    0x0000000008003b1c        0x4 c:/st/stm32cubeide_1.7.0/stm32cubeide/plugins/com.st.stm32cube.ide.mcu.externaltools.gnu-tools-for-stm32.9-2020-q2-update.win32_2.0.0.202105311346/tools/bin/../lib/gcc/arm-none-eabi/9.3.1/thumb/v7e-m+fp/hard/crtbegin.o
                [!provide]                        PROVIDE (__fini_array_end = .)
                0x0000000008003b20                . = ALIGN (0x4)
                0x0000000008003b20                _sidata = LOADADDR (.data)

.data           0x0000000020000000        0xc load address 0x0000000008003b20
                0x0000000020000000                . = ALIGN (0x4)
                0x0000000020000000                _sdata = .
 *(.data)
 *(.data*)
 .data.SystemCoreClock
                0x0000000020000000        0x4 ./Core/Src/system_stm32f4xx.o
                0x0000000020000000                SystemCoreClock
 .data.uwTickPrio
                0x0000000020000004        0x4 ./Drivers/STM32F4xx_HAL_Driver/Src/stm32f4xx_hal.o
                0x0000000020000004                uwTickPrio
 .data.uwTickFreq
                0x0000000020000008        0x1 ./Drivers/STM32F4xx_HAL_Driver/Src/stm32f4xx_hal.o
                0x0000000020000008                uwTickFreq
 *(.RamFunc)
 *(.RamFunc*)
                0x000000002000000c                . = ALIGN (0x4)
 *fill*         0x0000000020000009        0x3 
                0x000000002000000c                _edata = .
                0x0000000008003b2c                _siccmram = LOADADDR (.ccmram)

.igot.plt       0x000000002000000c        0x0 load address 0x0000000008003b2c
 .igot.plt      0x000000002000000c        0x0 c:/st/stm32cubeide_1.7.0/stm32cubeide/plugins/com.st.stm32cube.ide.mcu.externaltools.gnu-tools-for-stm32.9-2020-q2-update.win32_2.0.0.202105311346/tools/bin/../lib/gcc/arm-none-eabi/9.3.1/thumb/v7e-m+fp/hard/crtbegin.o

.ccmram         0x0000000010000000        0x0 load address 0x0000000008003b2c
                0x0000000010000000                . = ALIGN (0x4)
                0x0000000010000000                _sccmram = .
 *(.ccmram)
 *(.ccmram*)
                0x0000000010000000                . = ALIGN (0x4)
                0x0000000010000000                _eccmram = .
                0x0000000010000000                . = ALIGN (0x4)

.bss            0x000000002000000c       0x74
                0x000000002000000c                _sbss = .
                0x000000002000000c                __bss_start__ = _sbss
 *(.bss)
 .bss           0x000000002000000c       0x1c c:/st/stm32cubeide_1.7.0/stm32cubeide/plugins/com.st.stm32cube.ide.mcu.externaltools.gnu-tools-for-stm32.9-2020-q2-update.win32_2.0.0.202105311346/tools/bin/../lib/gcc/arm-none-eabi/9.3.1/thumb/v7e-m+fp/hard/crtbegin.o
 *(.bss*)
 *(COMMON)
 COMMON         0x0000000020000028       0x54 ./Core/Src/main.o
                0x0000000020000028                hi2c1
 COMMON         0x000000002000007c        0x4 ./Drivers/STM32F4xx_HAL_Driver/Src/stm32f4xx_hal.o
                0x000000002000007c                uwTick
                0x0000000020000080                . = ALIGN (0x4)
                0x0000000020000080                _ebss = .
                0x0000000020000080                __bss_end__ = _ebss

._user_heap_stack
                0x0000000020000080      0x600
                0x0000000020000080                . = ALIGN (0x8)
                [!provide]                        PROVIDE (end = .)
                0x0000000020000080                PROVIDE (_end = .)
                0x0000000020000280                . = (. + _Min_Heap_Size)
 *fill*         0x0000000020000080      0x200 
                0x0000000020000680                . = (. + _Min_Stack_Size)
 *fill*         0x0000000020000280      0x400 
                0x0000000020000680                . = ALIGN (0x8)

/DISCARD/
 libc.a(*)
 libm.a(*)
 libgcc.a(*)

.ARM.attributes
                0x0000000000000000       0x30
 *(.ARM.attributes)
 .ARM.attributes
                0x0000000000000000       0x1e c:/st/stm32cubeide_1.7.0/stm32cubeide/plugins/com.st.stm32cube.ide.mcu.externaltools.gnu-tools-for-stm32.9-2020-q2-update.win32_2.0.0.202105311346/tools/bin/../lib/gcc/arm-none-eabi/9.3.1/thumb/v7e-m+fp/hard/crti.o
 .ARM.attributes
                0x000000000000001e       0x34 c:/st/stm32cubeide_1.7.0/stm32cubeide/plugins/com.st.stm32cube.ide.mcu.externaltools.gnu-tools-for-stm32.9-2020-q2-update.win32_2.0.0.202105311346/tools/bin/../lib/gcc/arm-none-eabi/9.3.1/thumb/v7e-m+fp/hard/crtbegin.o
 .ARM.attributes
                0x0000000000000052       0x34 ./Core/Src/main.o
 .ARM.attributes
                0x0000000000000086       0x34 ./Core/Src/stm32f4xx_hal_msp.o
 .ARM.attributes
                0x00000000000000ba       0x34 ./Core/Src/stm32f4xx_it.o
 .ARM.attributes
                0x00000000000000ee       0x34 ./Core/Src/system_stm32f4xx.o
 .ARM.attributes
                0x0000000000000122       0x21 ./Core/Startup/startup_stm32f407vgtx.o
 .ARM.attributes
                0x0000000000000143       0x34 ./Drivers/STM32F4xx_HAL_Driver/Src/stm32f4xx_hal.o
 .ARM.attributes
                0x0000000000000177       0x34 ./Drivers/STM32F4xx_HAL_Driver/Src/stm32f4xx_hal_cortex.o
 .ARM.attributes
                0x00000000000001ab       0x34 ./Drivers/STM32F4xx_HAL_Driver/Src/stm32f4xx_hal_dma.o
 .ARM.attributes
                0x00000000000001df       0x34 ./Drivers/STM32F4xx_HAL_Driver/Src/stm32f4xx_hal_gpio.o
 .ARM.attributes
                0x0000000000000213       0x34 ./Drivers/STM32F4xx_HAL_Driver/Src/stm32f4xx_hal_i2c.o
 .ARM.attributes
                0x0000000000000247       0x34 ./Drivers/STM32F4xx_HAL_Driver/Src/stm32f4xx_hal_rcc.o
 .ARM.attributes
                0x000000000000027b       0x34 c:/st/stm32cubeide_1.7.0/stm32cubeide/plugins/com.st.stm32cube.ide.mcu.externaltools.gnu-tools-for-stm32.9-2020-q2-update.win32_2.0.0.202105311346/tools/bin/../lib/gcc/arm-none-eabi/9.3.1/../../../../arm-none-eabi/lib/thumb/v7e-m+fp/hard\libc_nano.a(lib_a-init.o)
 .ARM.attributes
                0x00000000000002af       0x34 c:/st/stm32cubeide_1.7.0/stm32cubeide/plugins/com.st.stm32cube.ide.mcu.externaltools.gnu-tools-for-stm32.9-2020-q2-update.win32_2.0.0.202105311346/tools/bin/../lib/gcc/arm-none-eabi/9.3.1/../../../../arm-none-eabi/lib/thumb/v7e-m+fp/hard\libc_nano.a(lib_a-memset.o)
 .ARM.attributes
                0x00000000000002e3       0x1e c:/st/stm32cubeide_1.7.0/stm32cubeide/plugins/com.st.stm32cube.ide.mcu.externaltools.gnu-tools-for-stm32.9-2020-q2-update.win32_2.0.0.202105311346/tools/bin/../lib/gcc/arm-none-eabi/9.3.1/thumb/v7e-m+fp/hard\libgcc.a(_aeabi_uldivmod.o)
 .ARM.attributes
                0x0000000000000301       0x34 c:/st/stm32cubeide_1.7.0/stm32cubeide/plugins/com.st.stm32cube.ide.mcu.externaltools.gnu-tools-for-stm32.9-2020-q2-update.win32_2.0.0.202105311346/tools/bin/../lib/gcc/arm-none-eabi/9.3.1/thumb/v7e-m+fp/hard\libgcc.a(_udivmoddi4.o)
 .ARM.attributes
                0x0000000000000335       0x1e c:/st/stm32cubeide_1.7.0/stm32cubeide/plugins/com.st.stm32cube.ide.mcu.externaltools.gnu-tools-for-stm32.9-2020-q2-update.win32_2.0.0.202105311346/tools/bin/../lib/gcc/arm-none-eabi/9.3.1/thumb/v7e-m+fp/hard\libgcc.a(_dvmd_tls.o)
 .ARM.attributes
                0x0000000000000353       0x1e c:/st/stm32cubeide_1.7.0/stm32cubeide/plugins/com.st.stm32cube.ide.mcu.externaltools.gnu-tools-for-stm32.9-2020-q2-update.win32_2.0.0.202105311346/tools/bin/../lib/gcc/arm-none-eabi/9.3.1/thumb/v7e-m+fp/hard/crtn.o
OUTPUT(003_I2C_POLLING_TRANSMIT.elf elf32-littlearm)
LOAD linker stubs
LOAD c:/st/stm32cubeide_1.7.0/stm32cubeide/plugins/com.st.stm32cube.ide.mcu.externaltools.gnu-tools-for-stm32.9-2020-q2-update.win32_2.0.0.202105311346/tools/bin/../lib/gcc/arm-none-eabi/9.3.1/../../../../arm-none-eabi/lib/thumb/v7e-m+fp/hard\libc.a
LOAD c:/st/stm32cubeide_1.7.0/stm32cubeide/plugins/com.st.stm32cube.ide.mcu.externaltools.gnu-tools-for-stm32.9-2020-q2-update.win32_2.0.0.202105311346/tools/bin/../lib/gcc/arm-none-eabi/9.3.1/../../../../arm-none-eabi/lib/thumb/v7e-m+fp/hard\libm.a
LOAD c:/st/stm32cubeide_1.7.0/stm32cubeide/plugins/com.st.stm32cube.ide.mcu.externaltools.gnu-tools-for-stm32.9-2020-q2-update.win32_2.0.0.202105311346/tools/bin/../lib/gcc/arm-none-eabi/9.3.1/thumb/v7e-m+fp/hard\libgcc.a

.debug_info     0x0000000000000000     0x7ff8
 .debug_info    0x0000000000000000      0xb67 ./Core/Src/main.o
 .debug_info    0x0000000000000b67      0xc98 ./Core/Src/stm32f4xx_hal_msp.o
 .debug_info    0x00000000000017ff      0x798 ./Core/Src/stm32f4xx_it.o
 .debug_info    0x0000000000001f97      0x5a4 ./Core/Src/system_stm32f4xx.o
 .debug_info    0x000000000000253b       0x22 ./Core/Startup/startup_stm32f407vgtx.o
 .debug_info    0x000000000000255d      0x9b2 ./Drivers/STM32F4xx_HAL_Driver/Src/stm32f4xx_hal.o
 .debug_info    0x0000000000002f0f      0xed7 ./Drivers/STM32F4xx_HAL_Driver/Src/stm32f4xx_hal_cortex.o
 .debug_info    0x0000000000003de6      0x9f1 ./Drivers/STM32F4xx_HAL_Driver/Src/stm32f4xx_hal_dma.o
 .debug_info    0x00000000000047d7      0x83e ./Drivers/STM32F4xx_HAL_Driver/Src/stm32f4xx_hal_gpio.o
 .debug_info    0x0000000000005015     0x264d ./Drivers/STM32F4xx_HAL_Driver/Src/stm32f4xx_hal_i2c.o
 .debug_info    0x0000000000007662      0x996 ./Drivers/STM32F4xx_HAL_Driver/Src/stm32f4xx_hal_rcc.o

.debug_abbrev   0x0000000000000000     0x14fb
 .debug_abbrev  0x0000000000000000      0x222 ./Core/Src/main.o
 .debug_abbrev  0x0000000000000222      0x1b5 ./Core/Src/stm32f4xx_hal_msp.o
 .debug_abbrev  0x00000000000003d7      0x163 ./Core/Src/stm32f4xx_it.o
 .debug_abbrev  0x000000000000053a      0x145 ./Core/Src/system_stm32f4xx.o
 .debug_abbrev  0x000000000000067f       0x12 ./Core/Startup/startup_stm32f407vgtx.o
 .debug_abbrev  0x0000000000000691      0x1ed ./Drivers/STM32F4xx_HAL_Driver/Src/stm32f4xx_hal.o
 .debug_abbrev  0x000000000000087e      0x33c ./Drivers/STM32F4xx_HAL_Driver/Src/stm32f4xx_hal_cortex.o
 .debug_abbrev  0x0000000000000bba      0x259 ./Drivers/STM32F4xx_HAL_Driver/Src/stm32f4xx_hal_dma.o
 .debug_abbrev  0x0000000000000e13      0x1f1 ./Drivers/STM32F4xx_HAL_Driver/Src/stm32f4xx_hal_gpio.o
 .debug_abbrev  0x0000000000001004      0x282 ./Drivers/STM32F4xx_HAL_Driver/Src/stm32f4xx_hal_i2c.o
 .debug_abbrev  0x0000000000001286      0x275 ./Drivers/STM32F4xx_HAL_Driver/Src/stm32f4xx_hal_rcc.o

.debug_aranges  0x0000000000000000      0x748
 .debug_aranges
                0x0000000000000000       0x40 ./Core/Src/main.o
 .debug_aranges
                0x0000000000000040       0x30 ./Core/Src/stm32f4xx_hal_msp.o
 .debug_aranges
                0x0000000000000070       0x70 ./Core/Src/stm32f4xx_it.o
 .debug_aranges
                0x00000000000000e0       0x28 ./Core/Src/system_stm32f4xx.o
 .debug_aranges
                0x0000000000000108       0x28 ./Core/Startup/startup_stm32f407vgtx.o
 .debug_aranges
                0x0000000000000130       0xf0 ./Drivers/STM32F4xx_HAL_Driver/Src/stm32f4xx_hal.o
 .debug_aranges
                0x0000000000000220      0x118 ./Drivers/STM32F4xx_HAL_Driver/Src/stm32f4xx_hal_cortex.o
 .debug_aranges
                0x0000000000000338       0x90 ./Drivers/STM32F4xx_HAL_Driver/Src/stm32f4xx_hal_dma.o
 .debug_aranges
                0x00000000000003c8       0x58 ./Drivers/STM32F4xx_HAL_Driver/Src/stm32f4xx_hal_gpio.o
 .debug_aranges
                0x0000000000000420      0x2a0 ./Drivers/STM32F4xx_HAL_Driver/Src/stm32f4xx_hal_i2c.o
 .debug_aranges
                0x00000000000006c0       0x88 ./Drivers/STM32F4xx_HAL_Driver/Src/stm32f4xx_hal_rcc.o

.debug_ranges   0x0000000000000000      0x6c8
 .debug_ranges  0x0000000000000000       0x30 ./Core/Src/main.o
 .debug_ranges  0x0000000000000030       0x20 ./Core/Src/stm32f4xx_hal_msp.o
 .debug_ranges  0x0000000000000050       0x60 ./Core/Src/stm32f4xx_it.o
 .debug_ranges  0x00000000000000b0       0x18 ./Core/Src/system_stm32f4xx.o
 .debug_ranges  0x00000000000000c8       0x20 ./Core/Startup/startup_stm32f407vgtx.o
 .debug_ranges  0x00000000000000e8       0xe0 ./Drivers/STM32F4xx_HAL_Driver/Src/stm32f4xx_hal.o
 .debug_ranges  0x00000000000001c8      0x108 ./Drivers/STM32F4xx_HAL_Driver/Src/stm32f4xx_hal_cortex.o
 .debug_ranges  0x00000000000002d0       0x80 ./Drivers/STM32F4xx_HAL_Driver/Src/stm32f4xx_hal_dma.o
 .debug_ranges  0x0000000000000350       0x48 ./Drivers/STM32F4xx_HAL_Driver/Src/stm32f4xx_hal_gpio.o
 .debug_ranges  0x0000000000000398      0x2b8 ./Drivers/STM32F4xx_HAL_Driver/Src/stm32f4xx_hal_i2c.o
 .debug_ranges  0x0000000000000650       0x78 ./Drivers/STM32F4xx_HAL_Driver/Src/stm32f4xx_hal_rcc.o

.debug_macro    0x0000000000000000    0x1f471
 .debug_macro   0x0000000000000000      0x1d4 ./Core/Src/main.o
 .debug_macro   0x00000000000001d4      0xaa8 ./Core/Src/main.o
 .debug_macro   0x0000000000000c7c      0x295 ./Core/Src/main.o
 .debug_macro   0x0000000000000f11       0x2e ./Core/Src/main.o
 .debug_macro   0x0000000000000f3f       0x2f ./Core/Src/main.o
 .debug_macro   0x0000000000000f6e       0x22 ./Core/Src/main.o
 .debug_macro   0x0000000000000f90       0x8e ./Core/Src/main.o
 .debug_macro   0x000000000000101e       0x51 ./Core/Src/main.o
 .debug_macro   0x000000000000106f      0x103 ./Core/Src/main.o
 .debug_macro   0x0000000000001172       0x6a ./Core/Src/main.o
 .debug_macro   0x00000000000011dc      0x1df ./Core/Src/main.o
 .debug_macro   0x00000000000013bb       0x1c ./Core/Src/main.o
 .debug_macro   0x00000000000013d7       0x22 ./Core/Src/main.o
 .debug_macro   0x00000000000013f9       0xdf ./Core/Src/main.o
 .debug_macro   0x00000000000014d8     0x102d ./Core/Src/main.o
 .debug_macro   0x0000000000002505      0x11f ./Core/Src/main.o
 .debug_macro   0x0000000000002624    0x15e58 ./Core/Src/main.o
 .debug_macro   0x000000000001847c       0x6d ./Core/Src/main.o
 .debug_macro   0x00000000000184e9     0x3666 ./Core/Src/main.o
 .debug_macro   0x000000000001bb4f      0x174 ./Core/Src/main.o
 .debug_macro   0x000000000001bcc3       0x5c ./Core/Src/main.o
 .debug_macro   0x000000000001bd1f      0x96b ./Core/Src/main.o
 .debug_macro   0x000000000001c68a      0x9fe ./Core/Src/main.o
 .debug_macro   0x000000000001d088      0x116 ./Core/Src/main.o
 .debug_macro   0x000000000001d19e      0x13e ./Core/Src/main.o
 .debug_macro   0x000000000001d2dc       0xa5 ./Core/Src/main.o
 .debug_macro   0x000000000001d381      0x174 ./Core/Src/main.o
 .debug_macro   0x000000000001d4f5      0x287 ./Core/Src/main.o
 .debug_macro   0x000000000001d77c       0x5f ./Core/Src/main.o
 .debug_macro   0x000000000001d7db      0x236 ./Core/Src/main.o
 .debug_macro   0x000000000001da11      0x12c ./Core/Src/main.o
 .debug_macro   0x000000000001db3d      0x21e ./Core/Src/main.o
 .debug_macro   0x000000000001dd5b       0x2e ./Core/Src/main.o
 .debug_macro   0x000000000001dd89      0x1b5 ./Core/Src/main.o
 .debug_macro   0x000000000001df3e       0xd6 ./Core/Src/main.o
 .debug_macro   0x000000000001e014      0x11a ./Core/Src/main.o
 .debug_macro   0x000000000001e12e       0x7e ./Core/Src/main.o
 .debug_macro   0x000000000001e1ac       0x89 ./Core/Src/main.o
 .debug_macro   0x000000000001e235      0x12d ./Core/Src/main.o
 .debug_macro   0x000000000001e362      0x1d4 ./Core/Src/stm32f4xx_hal_msp.o
 .debug_macro   0x000000000001e536      0x1de ./Core/Src/stm32f4xx_it.o
 .debug_macro   0x000000000001e714      0x1ca ./Core/Src/system_stm32f4xx.o
 .debug_macro   0x000000000001e8de      0x22a ./Drivers/STM32F4xx_HAL_Driver/Src/stm32f4xx_hal.o
 .debug_macro   0x000000000001eb08      0x1ca ./Drivers/STM32F4xx_HAL_Driver/Src/stm32f4xx_hal_cortex.o
 .debug_macro   0x000000000001ecd2      0x1d0 ./Drivers/STM32F4xx_HAL_Driver/Src/stm32f4xx_hal_dma.o
 .debug_macro   0x000000000001eea2      0x1d0 ./Drivers/STM32F4xx_HAL_Driver/Src/stm32f4xx_hal_gpio.o
 .debug_macro   0x000000000001f072      0x211 ./Drivers/STM32F4xx_HAL_Driver/Src/stm32f4xx_hal_i2c.o
 .debug_macro   0x000000000001f283      0x1ee ./Drivers/STM32F4xx_HAL_Driver/Src/stm32f4xx_hal_rcc.o

.debug_line     0x0000000000000000     0x9414
 .debug_line    0x0000000000000000      0x782 ./Core/Src/main.o
 .debug_line    0x0000000000000782      0x703 ./Core/Src/stm32f4xx_hal_msp.o
 .debug_line    0x0000000000000e85      0x7a1 ./Core/Src/stm32f4xx_it.o
 .debug_line    0x0000000000001626      0x730 ./Core/Src/system_stm32f4xx.o
 .debug_line    0x0000000000001d56       0x88 ./Core/Startup/startup_stm32f407vgtx.o
 .debug_line    0x0000000000001dde      0x996 ./Drivers/STM32F4xx_HAL_Driver/Src/stm32f4xx_hal.o
 .debug_line    0x0000000000002774      0xc45 ./Drivers/STM32F4xx_HAL_Driver/Src/stm32f4xx_hal_cortex.o
 .debug_line    0x00000000000033b9      0xefb ./Drivers/STM32F4xx_HAL_Driver/Src/stm32f4xx_hal_dma.o
 .debug_line    0x00000000000042b4      0xb0c ./Drivers/STM32F4xx_HAL_Driver/Src/stm32f4xx_hal_gpio.o
 .debug_line    0x0000000000004dc0     0x3942 ./Drivers/STM32F4xx_HAL_Driver/Src/stm32f4xx_hal_i2c.o
 .debug_line    0x0000000000008702      0xd12 ./Drivers/STM32F4xx_HAL_Driver/Src/stm32f4xx_hal_rcc.o

.debug_str      0x0000000000000000    0xbe8d7
 .debug_str     0x0000000000000000    0xbc6b4 ./Core/Src/main.o
                                      0xbc97d (size before relaxing)
 .debug_str     0x00000000000bc6b4      0x586 ./Core/Src/stm32f4xx_hal_msp.o
                                      0xbcd74 (size before relaxing)
 .debug_str     0x00000000000bcc3a       0xe3 ./Core/Src/stm32f4xx_it.o
                                      0xbc7b1 (size before relaxing)
 .debug_str     0x00000000000bcd1d       0xaf ./Core/Src/system_stm32f4xx.o
                                      0xbc38a (size before relaxing)
 .debug_str     0x00000000000bcdcc       0x36 ./Core/Startup/startup_stm32f407vgtx.o
                                         0x71 (size before relaxing)
 .debug_str     0x00000000000bce02      0x58d ./Drivers/STM32F4xx_HAL_Driver/Src/stm32f4xx_hal.o
                                      0xbce6c (size before relaxing)
 .debug_str     0x00000000000bd38f      0x399 ./Drivers/STM32F4xx_HAL_Driver/Src/stm32f4xx_hal_cortex.o
                                      0xbcc5b (size before relaxing)
 .debug_str     0x00000000000bd728      0x328 ./Drivers/STM32F4xx_HAL_Driver/Src/stm32f4xx_hal_dma.o
                                      0xbc7b4 (size before relaxing)
 .debug_str     0x00000000000bda50      0x17b ./Drivers/STM32F4xx_HAL_Driver/Src/stm32f4xx_hal_gpio.o
                                      0xbc531 (size before relaxing)
 .debug_str     0x00000000000bdbcb      0xabe ./Drivers/STM32F4xx_HAL_Driver/Src/stm32f4xx_hal_i2c.o
                                      0xbd30c (size before relaxing)
 .debug_str     0x00000000000be689      0x24e ./Drivers/STM32F4xx_HAL_Driver/Src/stm32f4xx_hal_rcc.o
                                      0xbc78c (size before relaxing)

.comment        0x0000000000000000       0x53
 .comment       0x0000000000000000       0x53 ./Core/Src/main.o
                                         0x54 (size before relaxing)
 .comment       0x0000000000000053       0x54 ./Core/Src/stm32f4xx_hal_msp.o
 .comment       0x0000000000000053       0x54 ./Core/Src/stm32f4xx_it.o
 .comment       0x0000000000000053       0x54 ./Core/Src/system_stm32f4xx.o
 .comment       0x0000000000000053       0x54 ./Drivers/STM32F4xx_HAL_Driver/Src/stm32f4xx_hal.o
 .comment       0x0000000000000053       0x54 ./Drivers/STM32F4xx_HAL_Driver/Src/stm32f4xx_hal_cortex.o
 .comment       0x0000000000000053       0x54 ./Drivers/STM32F4xx_HAL_Driver/Src/stm32f4xx_hal_dma.o
 .comment       0x0000000000000053       0x54 ./Drivers/STM32F4xx_HAL_Driver/Src/stm32f4xx_hal_gpio.o
 .comment       0x0000000000000053       0x54 ./Drivers/STM32F4xx_HAL_Driver/Src/stm32f4xx_hal_i2c.o
 .comment       0x0000000000000053       0x54 ./Drivers/STM32F4xx_HAL_Driver/Src/stm32f4xx_hal_rcc.o

.debug_frame    0x0000000000000000     0x1d64
 .debug_frame   0x0000000000000000       0xb4 ./Core/Src/main.o
 .debug_frame   0x00000000000000b4       0x7c ./Core/Src/stm32f4xx_hal_msp.o
 .debug_frame   0x0000000000000130      0x13c ./Core/Src/stm32f4xx_it.o
 .debug_frame   0x000000000000026c       0x58 ./Core/Src/system_stm32f4xx.o
 .debug_frame   0x00000000000002c4      0x374 ./Drivers/STM32F4xx_HAL_Driver/Src/stm32f4xx_hal.o
 .debug_frame   0x0000000000000638      0x498 ./Drivers/STM32F4xx_HAL_Driver/Src/stm32f4xx_hal_cortex.o
 .debug_frame   0x0000000000000ad0      0x250 ./Drivers/STM32F4xx_HAL_Driver/Src/stm32f4xx_hal_dma.o
 .debug_frame   0x0000000000000d20      0x14c ./Drivers/STM32F4xx_HAL_Driver/Src/stm32f4xx_hal_gpio.o
 .debug_frame   0x0000000000000e6c      0xc5c ./Drivers/STM32F4xx_HAL_Driver/Src/stm32f4xx_hal_i2c.o
 .debug_frame   0x0000000000001ac8      0x1f0 ./Drivers/STM32F4xx_HAL_Driver/Src/stm32f4xx_hal_rcc.o
 .debug_frame   0x0000000000001cb8       0x2c c:/st/stm32cubeide_1.7.0/stm32cubeide/plugins/com.st.stm32cube.ide.mcu.externaltools.gnu-tools-for-stm32.9-2020-q2-update.win32_2.0.0.202105311346/tools/bin/../lib/gcc/arm-none-eabi/9.3.1/../../../../arm-none-eabi/lib/thumb/v7e-m+fp/hard\libc_nano.a(lib_a-init.o)
 .debug_frame   0x0000000000001ce4       0x20 c:/st/stm32cubeide_1.7.0/stm32cubeide/plugins/com.st.stm32cube.ide.mcu.externaltools.gnu-tools-for-stm32.9-2020-q2-update.win32_2.0.0.202105311346/tools/bin/../lib/gcc/arm-none-eabi/9.3.1/../../../../arm-none-eabi/lib/thumb/v7e-m+fp/hard\libc_nano.a(lib_a-memset.o)
 .debug_frame   0x0000000000001d04       0x2c c:/st/stm32cubeide_1.7.0/stm32cubeide/plugins/com.st.stm32cube.ide.mcu.externaltools.gnu-tools-for-stm32.9-2020-q2-update.win32_2.0.0.202105311346/tools/bin/../lib/gcc/arm-none-eabi/9.3.1/thumb/v7e-m+fp/hard\libgcc.a(_aeabi_uldivmod.o)
 .debug_frame   0x0000000000001d30       0x34 c:/st/stm32cubeide_1.7.0/stm32cubeide/plugins/com.st.stm32cube.ide.mcu.externaltools.gnu-tools-for-stm32.9-2020-q2-update.win32_2.0.0.202105311346/tools/bin/../lib/gcc/arm-none-eabi/9.3.1/thumb/v7e-m+fp/hard\libgcc.a(_udivmoddi4.o)
