
Discarded input sections

 .group         0x0000000000000000        0xc ./main.o

Memory Configuration

Name             Origin             Length             Attributes
FLASH            0x0000000008000000 0x0000000000100000 xr
SRAM             0x0000000020000000 0x000000000001c000 xrw
*default*        0x0000000000000000 0xffffffffffffffff

Linker script and memory map

LOAD ./main.o
START GROUP
LOAD c:/st/stm32cubeide_1.7.0/stm32cubeide/plugins/com.st.stm32cube.ide.mcu.externaltools.gnu-tools-for-stm32.9-2020-q2-update.win32_2.0.0.202105311346/tools/bin/../lib/gcc/arm-none-eabi/9.3.1/../../../../arm-none-eabi/lib/thumb/v7e-m/nofp\libc_nano.a
LOAD c:/st/stm32cubeide_1.7.0/stm32cubeide/plugins/com.st.stm32cube.ide.mcu.externaltools.gnu-tools-for-stm32.9-2020-q2-update.win32_2.0.0.202105311346/tools/bin/../lib/gcc/arm-none-eabi/9.3.1/../../../../arm-none-eabi/lib/thumb/v7e-m/nofp\libm.a
END GROUP
START GROUP
LOAD c:/st/stm32cubeide_1.7.0/stm32cubeide/plugins/com.st.stm32cube.ide.mcu.externaltools.gnu-tools-for-stm32.9-2020-q2-update.win32_2.0.0.202105311346/tools/bin/../lib/gcc/arm-none-eabi/9.3.1/thumb/v7e-m/nofp\libgcc.a
LOAD c:/st/stm32cubeide_1.7.0/stm32cubeide/plugins/com.st.stm32cube.ide.mcu.externaltools.gnu-tools-for-stm32.9-2020-q2-update.win32_2.0.0.202105311346/tools/bin/../lib/gcc/arm-none-eabi/9.3.1/../../../../arm-none-eabi/lib/thumb/v7e-m/nofp\libc_nano.a
END GROUP
START GROUP
LOAD c:/st/stm32cubeide_1.7.0/stm32cubeide/plugins/com.st.stm32cube.ide.mcu.externaltools.gnu-tools-for-stm32.9-2020-q2-update.win32_2.0.0.202105311346/tools/bin/../lib/gcc/arm-none-eabi/9.3.1/thumb/v7e-m/nofp\libgcc.a
LOAD c:/st/stm32cubeide_1.7.0/stm32cubeide/plugins/com.st.stm32cube.ide.mcu.externaltools.gnu-tools-for-stm32.9-2020-q2-update.win32_2.0.0.202105311346/tools/bin/../lib/gcc/arm-none-eabi/9.3.1/../../../../arm-none-eabi/lib/thumb/v7e-m/nofp\libc_nano.a
END GROUP

.text           0x0000000008000000        0x8
 *(.isr_vector)
 .isr_vector    0x0000000008000000        0x8 ./main.o
                0x0000000008000000                vector_table
 *(.text)
 .text          0x0000000008000008        0x0 ./main.o
 *(.isr_vector)

.glue_7         0x0000000008000008        0x0
 .glue_7        0x0000000008000008        0x0 linker stubs

.glue_7t        0x0000000008000008        0x0
 .glue_7t       0x0000000008000008        0x0 linker stubs

.vfp11_veneer   0x0000000008000008        0x0
 .vfp11_veneer  0x0000000008000008        0x0 linker stubs

.v4_bx          0x0000000008000008        0x0
 .v4_bx         0x0000000008000008        0x0 linker stubs

.text.delay     0x0000000008000008       0x28
 .text.delay    0x0000000008000008       0x28 ./main.o
                0x0000000008000008                delay

.text.main      0x0000000008000030       0x58
 .text.main     0x0000000008000030       0x58 ./main.o
                0x0000000008000030                main

.iplt           0x0000000008000088        0x0
 .iplt          0x0000000008000088        0x0 ./main.o

.rel.dyn        0x0000000008000088        0x0
 .rel.iplt      0x0000000008000088        0x0 ./main.o

.data           0x0000000020000000        0x0
 *(.data)
 .data          0x0000000020000000        0x0 ./main.o
OUTPUT(012_LINKER_BLINK_BARE_METAL.elf elf32-littlearm)
LOAD linker stubs

.igot.plt       0x0000000020000000        0x0
 .igot.plt      0x0000000020000000        0x0 ./main.o

.bss            0x0000000020000000        0x0
 .bss           0x0000000020000000        0x0 ./main.o

.debug_info     0x0000000000000000       0xa9
 .debug_info    0x0000000000000000       0xa9 ./main.o

.debug_abbrev   0x0000000000000000       0xb1
 .debug_abbrev  0x0000000000000000       0xb1 ./main.o

.debug_aranges  0x0000000000000000       0x28
 .debug_aranges
                0x0000000000000000       0x28 ./main.o

.debug_ranges   0x0000000000000000       0x18
 .debug_ranges  0x0000000000000000       0x18 ./main.o

.debug_macro    0x0000000000000000      0xaef
 .debug_macro   0x0000000000000000       0x65 ./main.o
 .debug_macro   0x0000000000000065      0xa8a ./main.o

.debug_line     0x0000000000000000       0xa8
 .debug_line    0x0000000000000000       0xa8 ./main.o

.debug_str      0x0000000000000000     0x2f5b
 .debug_str     0x0000000000000000     0x2f5b ./main.o
                                       0x2f7a (size before relaxing)

.comment        0x0000000000000000       0x53
 .comment       0x0000000000000000       0x53 ./main.o
                                         0x54 (size before relaxing)

.ARM.attributes
                0x0000000000000000       0x2e
 .ARM.attributes
                0x0000000000000000       0x2e ./main.o

.debug_frame    0x0000000000000000       0x54
 .debug_frame   0x0000000000000000       0x54 ./main.o
