main.c:31:5:main	16	static
main.c:66:9:UART_Transmit	24	static
main.c:74:8:readUserInput	16	static
main.c:85:9:processUserInput	48	static
main.c:110:6:HAL_UART_RxCpltCallback	16	static
main.c:115:6:HAL_UART_TxCpltCallback	16	static
main.c:122:6:HAL_UART_ErrorCallback	16	static
main.c:127:6:performCriticalTasks	8	static
main.c:130:6:printWelcomeMessage	40	static
main.c:139:6:SystemClock_Config	88	static
main.c:181:13:MX_USART2_UART_Init	8	static
main.c:197:13:MX_GPIO_Init	40	static
main.c:224:6:Error_Handler	4	static,ignoring_inline_asm
